// Jest Snapshot v1, https://goo.gl/fbAQLP

exports[`MultiSelectDropdown Matches Snapshot 1`] = `
"<styled.div className=\\"multiSelectDropdown\\">
  <button className=\\"filterBtn\\" type=\\"button\\" onClick={[Function: onClick]}>
    <Emoji emoj=\\"ðŸ”½\\" label=\\"DropDownMenu\\" className=\\"\\" />
  </button>
  <ul className=\\"multiSelectDropdown_list-selected\\">
    <MultiSelectDropdownItem uid=\\"a\\" label=\\"a\\" handleSelect={[Function: handleSelect]} isSelected={true} />
    <MultiSelectDropdownItem uid=\\"b\\" label=\\"b\\" handleSelect={[Function: handleSelect]} isSelected={true} />
  </ul>
</styled.div>"
`;
