// Jest Snapshot v1, https://goo.gl/fbAQLP

exports[`Add Filter Button Component should match snapshot 1`] = `
"<button type=\\"button\\" className=\\"button-two addFilterBtn\\" onClick={[Function: handleNewFilter]}>
  Add Filter
</button>"
`;
