// Jest Snapshot v1, https://goo.gl/fbAQLP

exports[`DataTableTopMenu shallow renders Matches Snapshot 1`] = `
"<div className=\\"dataTableWrap_optionsBar\\">
  <FilterPanel filterData={{...}} clearFilters={[undefined]} addFilter={[Function: addFilter]} deleteFilter={[Function: deleteFilter]} updateFilter={[Function: updateFilter]} fieldsData={{...}} customFilters={{...}} customFiltersComponents={{...}} floating={true} showPanelOverride={false} autoOpenPanel={false} />
  <div className=\\"\\">
    <button type=\\"button\\" className=\\"button-two\\" onClick={[Function: onClick]}>
      Filters On
    </button>
  </div>
  <div className=\\"\\">
    <button type=\\"button\\" className=\\"button-two\\" onClick={[Function: onClick]}>
      Sorting On
    </button>
  </div>
  <HiddenColumnsPanel hiddenColumnIds={{...}} handleUnhideColumn={[Function: mockConstructor] { _isMockFunction: true, getMockImplementation: [Function (anonymous)], mock: Object [Object: null prototype] { calls: [], instances: [], invocationCallOrder: [], results: [] }, mockClear: [Function (anonymous)], mockReset: [Function (anonymous)], mockRestore: [Function (anonymous)], mockReturnValueOnce: [Function (anonymous)], mockResolvedValueOnce: [Function (anonymous)], mockRejectedValueOnce: [Function (anonymous)], mockReturnValue: [Function (anonymous)], mockResolvedValue: [Function (anonymous)], mockRejectedValue: [Function (anonymous)], mockImplementationOnce: [Function (anonymous)], mockImplementation: [Function (anonymous)], mockReturnThis: [Function (anonymous)], mockName: [Function (anonymous)], getMockName: [Function (anonymous)] }} showPanelOverride={false} />
</div>"
`;
