// Jest Snapshot v1, https://goo.gl/fbAQLP

exports[`file-manager shallow renders Matches Snapshot 1`] = `
"<div className=\\"fileManager_wrap sectionWrapper\\">
  <section>
    <h2>
      Select File
    </h2>
    <br />
    <br />
    <SearchAndSelect searchFunction={[Function: mockConstructor] { _isMockFunction: true, getMockImplementation: [Function (anonymous)], mock: Object [Object: null prototype] { calls: [], instances: [], invocationCallOrder: [], results: [] }, mockClear: [Function (anonymous)], mockReset: [Function (anonymous)], mockRestore: [Function (anonymous)], mockReturnValueOnce: [Function (anonymous)], mockResolvedValueOnce: [Function (anonymous)], mockRejectedValueOnce: [Function (anonymous)], mockReturnValue: [Function (anonymous)], mockResolvedValue: [Function (anonymous)], mockRejectedValue: [Function (anonymous)], mockImplementationOnce: [Function (anonymous)], mockImplementation: [Function (anonymous)], mockReturnThis: [Function (anonymous)], mockName: [Function (anonymous)], getMockName: [Function (anonymous)] }} initialFilters={{...}} handleSelect={[Function: mockConstructor] { _isMockFunction: true, getMockImplementation: [Function (anonymous)], mock: Object [Object: null prototype] { calls: [], instances: [], invocationCallOrder: [], results: [] }, mockClear: [Function (anonymous)], mockReset: [Function (anonymous)], mockRestore: [Function (anonymous)], mockReturnValueOnce: [Function (anonymous)], mockResolvedValueOnce: [Function (anonymous)], mockRejectedValueOnce: [Function (anonymous)], mockReturnValue: [Function (anonymous)], mockResolvedValue: [Function (anonymous)], mockRejectedValue: [Function (anonymous)], mockImplementationOnce: [Function (anonymous)], mockImplementation: [Function (anonymous)], mockReturnThis: [Function (anonymous)], mockName: [Function (anonymous)], getMockName: [Function (anonymous)] }} autoUpdate={true} allowFilters={false} availableFilters={{...}} headings={{...}} showSearchField={true} returnFieldOnSelect=\\"filePath\\" allowMultiple={false} showRefreshBtn={true} />
  </section>
  <section>
    <h2>
      Upload New File
    </h2>
    <FileUploader fileType=\\"image\\" onUpload={[Function: onUpload]} asyncFileUpload={[Function: mockConstructor] { _isMockFunction: true, getMockImplementation: [Function (anonymous)], mock: Object [Object: null prototype] { calls: [], instances: [], invocationCallOrder: [], results: [] }, mockClear: [Function (anonymous)], mockReset: [Function (anonymous)], mockRestore: [Function (anonymous)], mockReturnValueOnce: [Function (anonymous)], mockResolvedValueOnce: [Function (anonymous)], mockRejectedValueOnce: [Function (anonymous)], mockReturnValue: [Function (anonymous)], mockResolvedValue: [Function (anonymous)], mockRejectedValue: [Function (anonymous)], mockImplementationOnce: [Function (anonymous)], mockImplementation: [Function (anonymous)], mockReturnThis: [Function (anonymous)], mockName: [Function (anonymous)], getMockName: [Function (anonymous)] }} />
  </section>
</div>"
`;
