// Jest Snapshot v1, https://goo.gl/fbAQLP

exports[`SearchAndSelectDropdown shallow renders Matches Snapshot 1`] = `
"<div className=\\"sas_drop_wrap invalid\\">
  <div className=\\"searchFieldWrap\\">
    <input className=\\"searchField\\" style={{...}} type=\\"text\\" placeholder=\\"search...\\" value=\\"\\" onChange={[Function: onSearchFieldChange]} onFocus={[Function (anonymous)]} onBlur={[Function: onBlur]} onKeyDown={[Function: handleInputKeyDown]} />
    <button type=\\"button\\" className=\\"dropdownBtn\\" onClick={[Function: onClick]}>
      \\\\/
    </button>
    <div className=\\"sas_drop_loadingWrap\\">
      <LoadingIcon isLoading={false} />
    </div>
  </div>
  <CustomSelectDropdown options={{...}} isOpen={false} handleSelect={[Function: handleSelect]} handleClose={[Function: handleClose]} firstItemRef={{...}} goBackToSearchField={[Function: goBackToSearchField]} />
</div>"
`;
